{
  "errors": [
    {
      "message": "The Email field is not a valid e-mail address."
    }
  ],
  "data": {
    "argIsInput": null
  }
}
