{
  "errors": [
    {
      "message": "The String field is not a valid e-mail address."
    }
  ],
  "data": {
    "argIsEmail": null
  }
}
