{
  "data": {
    "argIsEmail": "abc@abc.com"
  }
}
