{
  "data": {
    "checkDuplicateEmail": "You are good to go, this email not registred yet."
  }
}
