{
  "data": {
    "argIsInput": "abc@abc.com"
  }
}
